Adafruit CircuitPython 9.0.5 on 2024-05-22; Adafruit QT Py RP2040 with rp2040
>>> import os
>>> os.chdir("CircuitPython_hinv")
>>> os.listdir()
['repo_hinv.txt', '.gitconfig', '.git', '.gitattributes', '.gitignore', 'GITDIR.txt', 'LICENSE', 'Makefile', 'README.md', 'GITREPO.txt', 'boot.py', 'code.py', 'hinv.py']
>>> import hinv
filename : adafruit_qtpy_rp2040__0.0.0__df6254209f5e132b.txt

hinv version : 0.0.7.0		repo : https://github.com/mew-cx/CircuitPython_hinv
board.board_id : adafruit_qtpy_rp2040
uid : df6254209f5e132b
len(cpus) : 2 (df6254209f5e132b df6254209f5e132b)
sys.implementation : (name='circuitpython', version=(9, 0, 5), _machine='Adafruit QT Py RP2040 with rp2040', _mpy=262) MPY_VERSION=6 flags=0x01 arch=0
sys.path : ['', '/', '/lib']
sys.platform : RP2040
sys.version : 3.4.0; CircuitPython 9.0.5 on 2024-05-22
sys.modules : {'hinv': <module 'hinv' from 'hinv.py'>}
os.uname() : (sysname='rp2040', nodename='rp2040', release='9.0.5', version='9.0.5 on 2024-05-22', machine='Adafruit QT Py RP2040 with rp2040')
memory : 165.1KiB free of 175.5KiB total (94.1%)
storage : 7082.0KiB free of 7137.0KiB total (99.2%)
len(nvm) : 4096

dir(board) :
['__class__', '__name__', 'A0', 'A1', 'A2', 'A3', 'BUTTON', 'D0', 'D1', 'D10', 'D2', 'D3', 'D4', 'D5', 'D6', 'D7', 'D8', 'D9', 'I2C', 'MISO', 'MOSI', 'NEOPIXEL', 'NEOPIXEL_POWER', 'RX', 'SCK', 'SCL', 'SCL1', 'SDA', 'SDA1', 'SPI', 'STEMMA_I2C', 'TX', 'UART', '__dict__', 'board_id']

PinMap() {
microcontroller.GPIO0
microcontroller.GPIO1
microcontroller.GPIO10
microcontroller.GPIO11  board.NEOPIXEL_POWER
microcontroller.GPIO12  board.NEOPIXEL
microcontroller.GPIO13
microcontroller.GPIO14
microcontroller.GPIO15
microcontroller.GPIO16
microcontroller.GPIO17
microcontroller.GPIO18
microcontroller.GPIO19
microcontroller.GPIO2
microcontroller.GPIO20  board.D6	board.TX
microcontroller.GPIO21  board.BUTTON
microcontroller.GPIO22  board.SDA1
microcontroller.GPIO23  board.SCL1
microcontroller.GPIO24  board.D4	board.SDA
microcontroller.GPIO25  board.D5	board.SCL
microcontroller.GPIO26  board.A3	board.D3
microcontroller.GPIO27  board.A2	board.D2
microcontroller.GPIO28  board.A1	board.D1
microcontroller.GPIO29  board.A0	board.D0
microcontroller.GPIO3   board.D10	board.MOSI
microcontroller.GPIO4   board.D9	board.MISO
microcontroller.GPIO5   board.D7	board.RX
microcontroller.GPIO6   board.D8	board.SCK
microcontroller.GPIO7
microcontroller.GPIO8
microcontroller.GPIO9
}
help('modules') {
__future__        busio             micropython       time
__main__          codeop            msgpack           touchio
_asyncio          collections       neopixel_write    traceback
_bleio            countio           nvm               ulab
_pixelmap         digitalio         onewireio         ulab.numpy
adafruit_bus_device                 displayio         os                ulab.numpy.fft
adafruit_bus_device.i2c_device      epaperdisplay     paralleldisplay   ulab.numpy.linalg
adafruit_bus_device.spi_device      errno             paralleldisplaybus                  ulab.scipy
adafruit_pixelbuf floppyio          pulseio           ulab.scipy.linalg
aesio             fontio            pwmio             ulab.scipy.optimize
alarm             fourwire          qrio              ulab.scipy.signal
analogbufio       framebufferio     rainbowio         ulab.scipy.special
analogio          gc                random            ulab.utils
array             getpass           re                usb
atexit            gifio             rgbmatrix         usb.core
audiobusio        hashlib           rotaryio          usb_cdc
audiocore         i2cdisplaybus     rp2pio            usb_hid
audiomixer        i2ctarget         rtc               usb_host
audiomp3          imagecapture      sdcardio          usb_midi
audiopwmio        io                select            usb_video
binascii          jpegio            sharpdisplay      vectorio
bitbangio         json              storage           warnings
bitmaptools       keypad            struct            watchdog
bitops            locale            supervisor        zlib
board             math              synthio
builtins          memorymap         sys
busdisplay        microcontroller   terminalio
Plus any modules on the filesystem
# TODO how to redirect help('modules') to output filehandle?
}

['repo_neopixel.txt', '.gitconfig', '.git', '.gitattributes', '.gitignore', 'GITDIR.txt', 'LICENSE', 'Makefile', 'README.md', 'code.py', 'diags', 'lib', 'neodemo.py', 'neopixel_test.py']
>>> import neodemo
Traceback (most recent call last):
  File "<stdin>", line 1, in <module>
  File "neodemo.py", line 9, in <module>
ImportError: no module named 'neopixel'
